// Jest Snapshot v1, https://goo.gl/fbAQLP

exports[`<ForUserDetails /> rendering ForUserDetails: renders correctly 1`] = `
<div
  className="wrapper"
>
  <div
    className="form-wrapper"
  >
    <div
      className="page-detail"
    >
      <h3
        className="alignleft"
      >
        User Details
      </h3>
      <p
        className="aligncenter"
      >
        Privacy
      </p>
      <p
        className="alignright"
      >
        Done
      </p>
    </div>
    <form
      className="form"
      noValidate={true}
    >
      <div
        className="name"
      >
        <input
          autoComplete="current-name"
          className={null}
          defaultValue=""
          id="input-form-name"
          name="name"
          noValidate={true}
          onChange={[Function]}
          placeholder="Name *"
          type="text"
        />
      </div>
      <div
        className="role"
      >
        <input
          autoComplete="current-role"
          defaultValue=""
          id="input-form-role"
          name="role"
          onChange={[Function]}
          placeholder="Role"
          type="text"
        />
      </div>
      <div
        className="email"
      >
        <input
          autoComplete="current-email"
          className={null}
          defaultValue=""
          id="input-form-email"
          name="email"
          onChange={[Function]}
          placeholder="Email *"
          type="email"
        />
      </div>
      <div
        className="password"
      >
        <input
          autoComplete="current-password"
          className={null}
          defaultValue=""
          id="input-form-password"
          name="password"
          onChange={[Function]}
          placeholder="Password *"
          type="password"
        />
      </div>
      <button
        id="btn-next"
        onClick={[Function]}
        type="submit"
      >
        Next
      </button>
    </form>
    <br />
    <small>
      <i>
        Fields marked with * are required
      </i>
    </small>
  </div>
</div>
`;
